// Jest Snapshot v1, https://goo.gl/fbAQLP

exports[`header 1`] = `<Header />`;
